// Jest Snapshot v1, https://goo.gl/fbAQLP

exports[`<App /> renders correctly 1`] = `
<main
  className="App"
>
  <div
    className="Hero"
    style={
      Object {
        "backgroundImage": "url()",
      }
    }
  >
    <div
      className="o-container"
    >
      <div
        className="Hero__content"
      >
        <h1
          className="Hero__title"
        >
          <a
            href="https://twitter.com/realDonaldTrump"
            rel="noopener noreferrer"
            target="_blank"
          >
            @
            realDonaldTrump
          </a>
        </h1>
      </div>
    </div>
  </div>
  <div
    className="o-container"
  >
    <nav
      className="Nav"
    >
      <div
        className="ant-radio-group Nav__radio-group"
        onMouseEnter={undefined}
        onMouseLeave={undefined}
        style={undefined}
      >
        <label
          className="Nav__radio-button ant-radio-button-wrapper ant-radio-button-wrapper-checked"
          onMouseEnter={undefined}
          onMouseLeave={undefined}
          style={undefined}
        >
          <span
            className="ant-radio-button ant-radio-button-checked"
            style={Object {}}
          >
            <input
              checked={true}
              className="ant-radio-button-input"
              disabled={false}
              name={undefined}
              onBlur={[Function]}
              onChange={[Function]}
              onClick={undefined}
              onFocus={[Function]}
              readOnly={undefined}
              tabIndex={undefined}
              type="radio"
            />
            <span
              className="ant-radio-button-inner"
            />
          </span>
          <span>
            Donald Trump
          </span>
        </label>
        <label
          className="Nav__radio-button ant-radio-button-wrapper"
          onMouseEnter={undefined}
          onMouseLeave={undefined}
          style={undefined}
        >
          <span
            className="ant-radio-button"
            style={Object {}}
          >
            <input
              checked={false}
              className="ant-radio-button-input"
              disabled={false}
              name={undefined}
              onBlur={[Function]}
              onChange={[Function]}
              onClick={undefined}
              onFocus={[Function]}
              readOnly={undefined}
              tabIndex={undefined}
              type="radio"
            />
            <span
              className="ant-radio-button-inner"
            />
          </span>
          <span>
            Hillary Clinton
          </span>
        </label>
        <label
          className="Nav__radio-button ant-radio-button-wrapper"
          onMouseEnter={undefined}
          onMouseLeave={undefined}
          style={undefined}
        >
          <span
            className="ant-radio-button"
            style={Object {}}
          >
            <input
              checked={false}
              className="ant-radio-button-input"
              disabled={false}
              name={undefined}
              onBlur={[Function]}
              onChange={[Function]}
              onClick={undefined}
              onFocus={[Function]}
              readOnly={undefined}
              tabIndex={undefined}
              type="radio"
            />
            <span
              className="ant-radio-button-inner"
            />
          </span>
          <span>
            Frank Underwood
          </span>
        </label>
      </div>
      <div
        className="Nav__search-wrapper"
      >
        <span
          className="ant-input-wrapper ant-input-group"
        >
          <span
            className="ant-input-group-addon"
          >
            @
          </span>
          <span
            className="ant-input-affix-wrapper"
            style={undefined}
          >
            <input
              className="ant-input ant-input-search"
              disabled={false}
              onKeyDown={[Function]}
              placeholder="ALDO_shoes"
              style={null}
              type="text"
            />
            <span
              className="ant-input-suffix"
            >
              <i
                className="anticon anticon-search ant-input-search-icon"
                onClick={[Function]}
              />
            </span>
          </span>
        </span>
      </div>
    </nav>
    <div
      className="Tweets"
    />
  </div>
</main>
`;
